// Vitest Snapshot v1, https://vitest.dev/guide/snapshot.html

exports[`Gate2 consolidated diagnostic regression fixtures > snapshots sanitized Gate2 diagnostic fixture core fields 1`] = `
{
  "allVerifiedBullish": {
    "consolidatedDiagnostic": {
      "compactText": "Gate2: OK | KIS=OK | DART=OK | BM=OK | supply=BULLISH | fin=BULLISH | RS=BULLISH | program=OK | risk=RISK_LOW | Sector=LEADING | marketSignal=false",
      "conflictFlags": [],
      "dataReadiness": {
        "benchmark": "OK",
        "dartFinancials": "OK",
        "kisInvestorFlow": "OK",
        "programTrade": "OK",
        "riskFlow": "OK",
        "sectorCycle": "OK",
      },
      "health": "OK",
      "marketSignal": false,
      "missingCriticalData": [],
      "operatorAction": "NONE",
      "primaryIssue": null,
      "providerIssue": false,
      "providerIssues": [],
      "signalAlignment": {
        "financials": "BULLISH",
        "passiveFlow": "BULLISH",
        "relativeStrength": "BULLISH",
        "riskFlow": "RISK_LOW",
        "sectorCycle": "LEADING",
        "supply": "BULLISH",
      },
    },
    "externalDataCoverage": {
      "benchmark": {
        "benchmarkKey": "KOSPI",
        "marketSignal": false,
        "missingFields": [],
        "notes": [
          "MARKET_KOSPI_DEFAULT_BENCHMARK",
        ],
        "providerIssue": false,
        "status": "VERIFIED",
        "values": {
          "benchmarkReturn20d": 0.03,
          "relativeReturn20d": 0.09,
          "stockReturn20d": 0.12,
        },
      },
      "dartFinancials": {
        "fields": {
          "interestCoverageRatio": true,
          "marginAcceleration": false,
          "netIncome": true,
          "ocfRatio": true,
          "operatingCashFlow": true,
          "opm": true,
          "opmYoYDelta": false,
          "roe": true,
        },
        "marketSignal": false,
        "missingFields": [],
        "providerIssue": false,
        "status": "VERIFIED",
      },
      "kisInvestorFlow": {
        "fields": {
          "foreignNetBuy": true,
          "individualNetBuy": true,
          "institutionalNetBuy": true,
        },
        "marketSignal": false,
        "missingFields": [],
        "providerIssue": false,
        "status": "VERIFIED",
      },
      "programTrade": {
        "marketSignal": false,
        "marketStatus": "MISSING",
        "notes": [
          "STOCK_PROGRAM_TRADE_AVAILABLE_FOR_SYMBOL",
        ],
        "scopeSeparationValid": true,
        "stockStatus": "VERIFIED",
      },
      "riskFlow": {
        "interpretation": {
          "creditOverheat": "LOW",
          "loanPressure": "LOW",
          "overallRisk": "LOW",
          "shortPressure": "LOW",
        },
        "marketSignal": false,
        "providerIssue": false,
        "status": "VERIFIED",
      },
      "sectorCycle": {
        "attentionPhase": "GROWING",
        "leaderCyclePhase": "MID_LEADER",
        "marketSignal": false,
        "providerIssue": false,
        "status": "VERIFIED",
      },
    },
    "sourceCoverage": {
      "allDeclaredInputsAvailable": true,
      "allExternalDataAvailable": true,
      "benchmarkInputCount": 1,
      "conditionCount": 5,
      "dartInputCount": 1,
      "diagnosticOnly": true,
      "kisInputCount": 2,
      "marketSignal": false,
      "missingExternalData": [],
      "missingInputs": [],
      "providerIssues": [],
      "quoteInputCount": 9,
      "requiredExternalData": [
        "BENCHMARK_20D_RETURN",
        "KIS_INVESTOR_FLOW",
        "DART_FINANCIALS",
      ],
    },
  },
  "benchmarkMissing": {
    "consolidatedDiagnostic": {
      "compactText": "Gate2: DATA_INCOMPLETE | issue=BENCHMARK_UNAVAILABLE | KIS=OK | DART=OK | BM=MISSING | supply=BULLISH | fin=BULLISH | RS=UNAVAILABLE | program=OK | risk=RISK_LOW | Sector=LEADING | action=CHECK_BENCHMARK_PROVIDER | marketSignal=false",
      "conflictFlags": [],
      "dataReadiness": {
        "benchmark": "MISSING",
        "dartFinancials": "OK",
        "kisInvestorFlow": "OK",
        "programTrade": "OK",
        "riskFlow": "OK",
        "sectorCycle": "OK",
      },
      "health": "DATA_INCOMPLETE",
      "marketSignal": false,
      "missingCriticalData": [
        "BENCHMARK_20D_RETURN",
      ],
      "operatorAction": "CHECK_BENCHMARK_PROVIDER",
      "primaryIssue": "BENCHMARK_UNAVAILABLE",
      "providerIssue": true,
      "providerIssues": [
        "BENCHMARK_20D_RETURN_MISSING",
        "BENCHMARK_PROVIDER_ISSUE",
      ],
      "signalAlignment": {
        "financials": "BULLISH",
        "passiveFlow": "BULLISH",
        "relativeStrength": "UNAVAILABLE",
        "riskFlow": "RISK_LOW",
        "sectorCycle": "LEADING",
        "supply": "BULLISH",
      },
    },
    "externalDataCoverage": {
      "benchmark": {
        "benchmarkKey": "KOSPI",
        "marketSignal": false,
        "missingFields": [
          "benchmarkReturn20d",
        ],
        "notes": [
          "MARKET_KOSPI_DEFAULT_BENCHMARK",
        ],
        "providerIssue": true,
        "status": "MISSING",
        "values": {
          "benchmarkReturn20d": null,
          "relativeReturn20d": null,
          "stockReturn20d": 0.12,
        },
      },
      "dartFinancials": {
        "fields": {
          "interestCoverageRatio": true,
          "marginAcceleration": false,
          "netIncome": true,
          "ocfRatio": true,
          "operatingCashFlow": true,
          "opm": true,
          "opmYoYDelta": false,
          "roe": true,
        },
        "marketSignal": false,
        "missingFields": [],
        "providerIssue": false,
        "status": "VERIFIED",
      },
      "kisInvestorFlow": {
        "fields": {
          "foreignNetBuy": true,
          "individualNetBuy": true,
          "institutionalNetBuy": true,
        },
        "marketSignal": false,
        "missingFields": [],
        "providerIssue": false,
        "status": "VERIFIED",
      },
      "programTrade": {
        "marketSignal": false,
        "marketStatus": "MISSING",
        "notes": [
          "STOCK_PROGRAM_TRADE_AVAILABLE_FOR_SYMBOL",
        ],
        "scopeSeparationValid": true,
        "stockStatus": "VERIFIED",
      },
      "riskFlow": {
        "interpretation": {
          "creditOverheat": "LOW",
          "loanPressure": "LOW",
          "overallRisk": "LOW",
          "shortPressure": "LOW",
        },
        "marketSignal": false,
        "providerIssue": false,
        "status": "VERIFIED",
      },
      "sectorCycle": {
        "attentionPhase": "GROWING",
        "leaderCyclePhase": "MID_LEADER",
        "marketSignal": false,
        "providerIssue": false,
        "status": "VERIFIED",
      },
    },
    "sourceCoverage": {
      "allDeclaredInputsAvailable": false,
      "allExternalDataAvailable": false,
      "benchmarkInputCount": 1,
      "conditionCount": 5,
      "dartInputCount": 1,
      "diagnosticOnly": true,
      "kisInputCount": 2,
      "marketSignal": false,
      "missingExternalData": [
        "BENCHMARK_20D_RETURN",
      ],
      "missingInputs": [
        "ctx.kospi20dReturn",
      ],
      "providerIssues": [
        "BENCHMARK_20D_RETURN_MISSING",
      ],
      "quoteInputCount": 9,
      "requiredExternalData": [
        "BENCHMARK_20D_RETURN",
        "KIS_INVESTOR_FLOW",
        "DART_FINANCIALS",
      ],
    },
  },
  "discoveryStageNotFetched": {
    "consolidatedDiagnostic": {
      "compactText": "Gate2: STAGE_NOT_FETCHED | issue=DISCOVERY_STAGE_EXTERNAL_DATA_NOT_FETCHED | KIS=WAIT | DART=WAIT | BM=WAIT | supply=UNAVAILABLE | fin=UNAVAILABLE | RS=UNAVAILABLE | program=OPTIONAL | risk=UNAVAILABLE | Sector=UNAVAILABLE | action=WAIT_FOR_ENTRY_RECHECK | marketSignal=false",
      "conflictFlags": [],
      "dataReadiness": {
        "benchmark": "STAGE_NOT_FETCHED",
        "dartFinancials": "STAGE_NOT_FETCHED",
        "kisInvestorFlow": "STAGE_NOT_FETCHED",
        "programTrade": "OPTIONAL",
        "riskFlow": "OPTIONAL",
        "sectorCycle": "OPTIONAL",
      },
      "health": "STAGE_NOT_FETCHED",
      "marketSignal": false,
      "missingCriticalData": [
        "BENCHMARK_20D_RETURN",
        "KIS_INVESTOR_FLOW",
        "DART_FINANCIALS",
      ],
      "operatorAction": "WAIT_FOR_ENTRY_RECHECK",
      "primaryIssue": "DISCOVERY_STAGE_EXTERNAL_DATA_NOT_FETCHED",
      "providerIssue": false,
      "providerIssues": [],
      "signalAlignment": {
        "financials": "UNAVAILABLE",
        "passiveFlow": "UNAVAILABLE",
        "relativeStrength": "UNAVAILABLE",
        "riskFlow": "UNAVAILABLE",
        "sectorCycle": "UNAVAILABLE",
        "supply": "UNAVAILABLE",
      },
    },
    "externalDataCoverage": {
      "benchmark": {
        "benchmarkKey": "KOSPI",
        "marketSignal": false,
        "missingFields": [
          "benchmarkReturn20d",
        ],
        "notes": [
          "MARKET_KOSPI_DEFAULT_BENCHMARK",
        ],
        "providerIssue": false,
        "status": "STAGE_NOT_FETCHED",
        "values": {
          "benchmarkReturn20d": null,
          "relativeReturn20d": null,
          "stockReturn20d": 0.12,
        },
      },
      "dartFinancials": {
        "fields": {
          "interestCoverageRatio": false,
          "marginAcceleration": false,
          "netIncome": false,
          "ocfRatio": false,
          "operatingCashFlow": false,
          "opm": false,
          "opmYoYDelta": false,
          "roe": false,
        },
        "marketSignal": false,
        "missingFields": [
          "operatingCashFlow",
          "netIncome",
        ],
        "providerIssue": false,
        "status": "STAGE_NOT_FETCHED",
      },
      "kisInvestorFlow": {
        "fields": {
          "foreignNetBuy": false,
          "individualNetBuy": false,
          "institutionalNetBuy": false,
        },
        "marketSignal": false,
        "missingFields": [
          "foreignNetBuy",
          "institutionalNetBuy",
        ],
        "providerIssue": false,
        "status": "STAGE_NOT_FETCHED",
      },
      "programTrade": {
        "marketSignal": false,
        "marketStatus": "STAGE_NOT_FETCHED",
        "notes": [],
        "scopeSeparationValid": true,
        "stockStatus": "STAGE_NOT_FETCHED",
      },
      "riskFlow": {
        "interpretation": {
          "creditOverheat": "UNKNOWN",
          "loanPressure": "UNKNOWN",
          "overallRisk": "UNKNOWN",
          "shortPressure": "UNKNOWN",
        },
        "marketSignal": false,
        "providerIssue": false,
        "status": "STAGE_NOT_FETCHED",
      },
      "sectorCycle": {
        "attentionPhase": "UNKNOWN",
        "leaderCyclePhase": "UNKNOWN",
        "marketSignal": false,
        "providerIssue": true,
        "status": "MISSING",
      },
    },
    "sourceCoverage": {
      "allDeclaredInputsAvailable": false,
      "allExternalDataAvailable": false,
      "benchmarkInputCount": 1,
      "conditionCount": 5,
      "dartInputCount": 1,
      "diagnosticOnly": true,
      "kisInputCount": 2,
      "marketSignal": false,
      "missingExternalData": [
        "BENCHMARK_20D_RETURN",
        "KIS_INVESTOR_FLOW",
        "DART_FINANCIALS",
      ],
      "missingInputs": [
        "ctx.kospi20dReturn",
        "ctx.kisFlow.institutionalNetBuy",
        "ctx.kisFlow.foreignNetBuy",
        "ctx.dartFin.ocfRatio",
      ],
      "providerIssues": [
        "BENCHMARK_20D_RETURN_MISSING",
        "KIS_INVESTOR_FLOW_MISSING",
        "DART_FINANCIALS_MISSING",
      ],
      "quoteInputCount": 9,
      "requiredExternalData": [
        "BENCHMARK_20D_RETURN",
        "KIS_INVESTOR_FLOW",
        "DART_FINANCIALS",
      ],
    },
  },
  "kisMissing": {
    "consolidatedDiagnostic": {
      "compactText": "Gate2: DEGRADED | issue=KIS_INVESTOR_FLOW_UNAVAILABLE | KIS=MISSING | DART=OK | BM=OK | supply=UNAVAILABLE | fin=BULLISH | RS=BULLISH | program=OK | risk=RISK_LOW | Sector=LEADING | action=CHECK_KIS_INVESTOR_FLOW | marketSignal=false",
      "conflictFlags": [],
      "dataReadiness": {
        "benchmark": "OK",
        "dartFinancials": "OK",
        "kisInvestorFlow": "MISSING",
        "programTrade": "OK",
        "riskFlow": "OK",
        "sectorCycle": "OK",
      },
      "health": "DEGRADED",
      "marketSignal": false,
      "missingCriticalData": [
        "KIS_INVESTOR_FLOW",
      ],
      "operatorAction": "CHECK_KIS_INVESTOR_FLOW",
      "primaryIssue": "KIS_INVESTOR_FLOW_UNAVAILABLE",
      "providerIssue": true,
      "providerIssues": [
        "KIS_INVESTOR_FLOW_MISSING",
        "KIS_INVESTOR_FLOW_PROVIDER_ISSUE",
      ],
      "signalAlignment": {
        "financials": "BULLISH",
        "passiveFlow": "BULLISH",
        "relativeStrength": "BULLISH",
        "riskFlow": "RISK_LOW",
        "sectorCycle": "LEADING",
        "supply": "UNAVAILABLE",
      },
    },
    "externalDataCoverage": {
      "benchmark": {
        "benchmarkKey": "KOSPI",
        "marketSignal": false,
        "missingFields": [],
        "notes": [
          "MARKET_KOSPI_DEFAULT_BENCHMARK",
        ],
        "providerIssue": false,
        "status": "VERIFIED",
        "values": {
          "benchmarkReturn20d": 0.03,
          "relativeReturn20d": 0.09,
          "stockReturn20d": 0.12,
        },
      },
      "dartFinancials": {
        "fields": {
          "interestCoverageRatio": true,
          "marginAcceleration": false,
          "netIncome": true,
          "ocfRatio": true,
          "operatingCashFlow": true,
          "opm": true,
          "opmYoYDelta": false,
          "roe": true,
        },
        "marketSignal": false,
        "missingFields": [],
        "providerIssue": false,
        "status": "VERIFIED",
      },
      "kisInvestorFlow": {
        "fields": {
          "foreignNetBuy": false,
          "individualNetBuy": false,
          "institutionalNetBuy": false,
        },
        "marketSignal": false,
        "missingFields": [
          "foreignNetBuy",
          "institutionalNetBuy",
        ],
        "providerIssue": true,
        "status": "MISSING",
      },
      "programTrade": {
        "marketSignal": false,
        "marketStatus": "MISSING",
        "notes": [
          "STOCK_PROGRAM_TRADE_AVAILABLE_FOR_SYMBOL",
        ],
        "scopeSeparationValid": true,
        "stockStatus": "VERIFIED",
      },
      "riskFlow": {
        "interpretation": {
          "creditOverheat": "LOW",
          "loanPressure": "LOW",
          "overallRisk": "LOW",
          "shortPressure": "LOW",
        },
        "marketSignal": false,
        "providerIssue": false,
        "status": "VERIFIED",
      },
      "sectorCycle": {
        "attentionPhase": "GROWING",
        "leaderCyclePhase": "MID_LEADER",
        "marketSignal": false,
        "providerIssue": false,
        "status": "VERIFIED",
      },
    },
    "sourceCoverage": {
      "allDeclaredInputsAvailable": false,
      "allExternalDataAvailable": false,
      "benchmarkInputCount": 1,
      "conditionCount": 5,
      "dartInputCount": 1,
      "diagnosticOnly": true,
      "kisInputCount": 2,
      "marketSignal": false,
      "missingExternalData": [
        "KIS_INVESTOR_FLOW",
      ],
      "missingInputs": [
        "ctx.kisFlow.institutionalNetBuy",
        "ctx.kisFlow.foreignNetBuy",
      ],
      "providerIssues": [
        "KIS_INVESTOR_FLOW_MISSING",
      ],
      "quoteInputCount": 9,
      "requiredExternalData": [
        "BENCHMARK_20D_RETURN",
        "KIS_INVESTOR_FLOW",
        "DART_FINANCIALS",
      ],
    },
  },
  "programScopeMismatch": {
    "consolidatedDiagnostic": {
      "compactText": "Gate2: DEGRADED | issue=PROGRAM_FLOW_SCOPE_MISMATCH | KIS=OK | DART=OK | BM=OK | supply=BULLISH | fin=BULLISH | RS=BULLISH | program=DEGRADED | risk=RISK_LOW | Sector=LEADING | action=CHECK_PROGRAM_FLOW_SCOPE | marketSignal=false",
      "conflictFlags": [],
      "dataReadiness": {
        "benchmark": "OK",
        "dartFinancials": "OK",
        "kisInvestorFlow": "OK",
        "programTrade": "DEGRADED",
        "riskFlow": "OK",
        "sectorCycle": "OK",
      },
      "health": "DEGRADED",
      "marketSignal": false,
      "missingCriticalData": [],
      "operatorAction": "CHECK_PROGRAM_FLOW_SCOPE",
      "primaryIssue": "PROGRAM_FLOW_SCOPE_MISMATCH",
      "providerIssue": true,
      "providerIssues": [
        "PROGRAM_TRADE_PROVIDER_ISSUE",
      ],
      "signalAlignment": {
        "financials": "BULLISH",
        "passiveFlow": "UNAVAILABLE",
        "relativeStrength": "BULLISH",
        "riskFlow": "RISK_LOW",
        "sectorCycle": "LEADING",
        "supply": "BULLISH",
      },
    },
    "externalDataCoverage": {
      "benchmark": {
        "benchmarkKey": "KOSPI",
        "marketSignal": false,
        "missingFields": [],
        "notes": [
          "MARKET_KOSPI_DEFAULT_BENCHMARK",
        ],
        "providerIssue": false,
        "status": "VERIFIED",
        "values": {
          "benchmarkReturn20d": 0.03,
          "relativeReturn20d": 0.09,
          "stockReturn20d": 0.12,
        },
      },
      "dartFinancials": {
        "fields": {
          "interestCoverageRatio": true,
          "marginAcceleration": false,
          "netIncome": true,
          "ocfRatio": true,
          "operatingCashFlow": true,
          "opm": true,
          "opmYoYDelta": false,
          "roe": true,
        },
        "marketSignal": false,
        "missingFields": [],
        "providerIssue": false,
        "status": "VERIFIED",
      },
      "kisInvestorFlow": {
        "fields": {
          "foreignNetBuy": true,
          "individualNetBuy": true,
          "institutionalNetBuy": true,
        },
        "marketSignal": false,
        "missingFields": [],
        "providerIssue": false,
        "status": "VERIFIED",
      },
      "programTrade": {
        "marketSignal": false,
        "marketStatus": "MISSING",
        "notes": [
          "SCOPE_MISMATCH_MARKET_DATA_USED_AS_STOCK_FLOW",
        ],
        "scopeSeparationValid": false,
        "stockStatus": "DEGRADED",
      },
      "riskFlow": {
        "interpretation": {
          "creditOverheat": "LOW",
          "loanPressure": "LOW",
          "overallRisk": "LOW",
          "shortPressure": "LOW",
        },
        "marketSignal": false,
        "providerIssue": false,
        "status": "VERIFIED",
      },
      "sectorCycle": {
        "attentionPhase": "GROWING",
        "leaderCyclePhase": "MID_LEADER",
        "marketSignal": false,
        "providerIssue": false,
        "status": "VERIFIED",
      },
    },
    "sourceCoverage": {
      "allDeclaredInputsAvailable": true,
      "allExternalDataAvailable": true,
      "benchmarkInputCount": 1,
      "conditionCount": 5,
      "dartInputCount": 1,
      "diagnosticOnly": true,
      "kisInputCount": 2,
      "marketSignal": false,
      "missingExternalData": [],
      "missingInputs": [],
      "providerIssues": [],
      "quoteInputCount": 9,
      "requiredExternalData": [
        "BENCHMARK_20D_RETURN",
        "KIS_INVESTOR_FLOW",
        "DART_FINANCIALS",
      ],
    },
  },
  "riskHigh": {
    "consolidatedDiagnostic": {
      "compactText": "Gate2: WARN | issue=RISK_FLOW_WARNING | KIS=OK | DART=OK | BM=OK | supply=BULLISH | fin=BULLISH | RS=BULLISH | program=OK | risk=RISK_HIGH | Sector=LEADING | action=CHECK_RISK_FLOW_PROVIDER | marketSignal=false",
      "conflictFlags": [],
      "dataReadiness": {
        "benchmark": "OK",
        "dartFinancials": "OK",
        "kisInvestorFlow": "OK",
        "programTrade": "OK",
        "riskFlow": "OK",
        "sectorCycle": "OK",
      },
      "health": "WARN",
      "marketSignal": false,
      "missingCriticalData": [],
      "operatorAction": "CHECK_RISK_FLOW_PROVIDER",
      "primaryIssue": "RISK_FLOW_WARNING",
      "providerIssue": false,
      "providerIssues": [],
      "signalAlignment": {
        "financials": "BULLISH",
        "passiveFlow": "BULLISH",
        "relativeStrength": "BULLISH",
        "riskFlow": "RISK_HIGH",
        "sectorCycle": "LEADING",
        "supply": "BULLISH",
      },
    },
    "externalDataCoverage": {
      "benchmark": {
        "benchmarkKey": "KOSPI",
        "marketSignal": false,
        "missingFields": [],
        "notes": [
          "MARKET_KOSPI_DEFAULT_BENCHMARK",
        ],
        "providerIssue": false,
        "status": "VERIFIED",
        "values": {
          "benchmarkReturn20d": 0.03,
          "relativeReturn20d": 0.09,
          "stockReturn20d": 0.12,
        },
      },
      "dartFinancials": {
        "fields": {
          "interestCoverageRatio": true,
          "marginAcceleration": false,
          "netIncome": true,
          "ocfRatio": true,
          "operatingCashFlow": true,
          "opm": true,
          "opmYoYDelta": false,
          "roe": true,
        },
        "marketSignal": false,
        "missingFields": [],
        "providerIssue": false,
        "status": "VERIFIED",
      },
      "kisInvestorFlow": {
        "fields": {
          "foreignNetBuy": true,
          "individualNetBuy": true,
          "institutionalNetBuy": true,
        },
        "marketSignal": false,
        "missingFields": [],
        "providerIssue": false,
        "status": "VERIFIED",
      },
      "programTrade": {
        "marketSignal": false,
        "marketStatus": "MISSING",
        "notes": [
          "STOCK_PROGRAM_TRADE_AVAILABLE_FOR_SYMBOL",
        ],
        "scopeSeparationValid": true,
        "stockStatus": "VERIFIED",
      },
      "riskFlow": {
        "interpretation": {
          "creditOverheat": "HIGH",
          "loanPressure": "LOW",
          "overallRisk": "HIGH",
          "shortPressure": "HIGH",
        },
        "marketSignal": false,
        "providerIssue": false,
        "status": "VERIFIED",
      },
      "sectorCycle": {
        "attentionPhase": "GROWING",
        "leaderCyclePhase": "MID_LEADER",
        "marketSignal": false,
        "providerIssue": false,
        "status": "VERIFIED",
      },
    },
    "sourceCoverage": {
      "allDeclaredInputsAvailable": true,
      "allExternalDataAvailable": true,
      "benchmarkInputCount": 1,
      "conditionCount": 5,
      "dartInputCount": 1,
      "diagnosticOnly": true,
      "kisInputCount": 2,
      "marketSignal": false,
      "missingExternalData": [],
      "missingInputs": [],
      "providerIssues": [],
      "quoteInputCount": 9,
      "requiredExternalData": [
        "BENCHMARK_20D_RETURN",
        "KIS_INVESTOR_FLOW",
        "DART_FINANCIALS",
      ],
    },
  },
  "sectorCrowded": {
    "consolidatedDiagnostic": {
      "compactText": "Gate2: WARN | issue=SECTOR_CYCLE_WARNING | KIS=OK | DART=OK | BM=OK | supply=BULLISH | fin=BULLISH | RS=BULLISH | program=OK | risk=RISK_LOW | Sector=CROWDED | action=CHECK_SECTOR_MAP | marketSignal=false",
      "conflictFlags": [],
      "dataReadiness": {
        "benchmark": "OK",
        "dartFinancials": "OK",
        "kisInvestorFlow": "OK",
        "programTrade": "OK",
        "riskFlow": "OK",
        "sectorCycle": "OK",
      },
      "health": "WARN",
      "marketSignal": false,
      "missingCriticalData": [],
      "operatorAction": "CHECK_SECTOR_MAP",
      "primaryIssue": "SECTOR_CYCLE_WARNING",
      "providerIssue": false,
      "providerIssues": [],
      "signalAlignment": {
        "financials": "BULLISH",
        "passiveFlow": "BULLISH",
        "relativeStrength": "BULLISH",
        "riskFlow": "RISK_LOW",
        "sectorCycle": "CROWDED",
        "supply": "BULLISH",
      },
    },
    "externalDataCoverage": {
      "benchmark": {
        "benchmarkKey": "KOSPI",
        "marketSignal": false,
        "missingFields": [],
        "notes": [
          "MARKET_KOSPI_DEFAULT_BENCHMARK",
        ],
        "providerIssue": false,
        "status": "VERIFIED",
        "values": {
          "benchmarkReturn20d": 0.03,
          "relativeReturn20d": 0.09,
          "stockReturn20d": 0.12,
        },
      },
      "dartFinancials": {
        "fields": {
          "interestCoverageRatio": true,
          "marginAcceleration": false,
          "netIncome": true,
          "ocfRatio": true,
          "operatingCashFlow": true,
          "opm": true,
          "opmYoYDelta": false,
          "roe": true,
        },
        "marketSignal": false,
        "missingFields": [],
        "providerIssue": false,
        "status": "VERIFIED",
      },
      "kisInvestorFlow": {
        "fields": {
          "foreignNetBuy": true,
          "individualNetBuy": true,
          "institutionalNetBuy": true,
        },
        "marketSignal": false,
        "missingFields": [],
        "providerIssue": false,
        "status": "VERIFIED",
      },
      "programTrade": {
        "marketSignal": false,
        "marketStatus": "MISSING",
        "notes": [
          "STOCK_PROGRAM_TRADE_AVAILABLE_FOR_SYMBOL",
        ],
        "scopeSeparationValid": true,
        "stockStatus": "VERIFIED",
      },
      "riskFlow": {
        "interpretation": {
          "creditOverheat": "LOW",
          "loanPressure": "LOW",
          "overallRisk": "LOW",
          "shortPressure": "LOW",
        },
        "marketSignal": false,
        "providerIssue": false,
        "status": "VERIFIED",
      },
      "sectorCycle": {
        "attentionPhase": "CROWDED",
        "leaderCyclePhase": "LATE_CROWDED",
        "marketSignal": false,
        "providerIssue": false,
        "status": "VERIFIED",
      },
    },
    "sourceCoverage": {
      "allDeclaredInputsAvailable": true,
      "allExternalDataAvailable": true,
      "benchmarkInputCount": 1,
      "conditionCount": 5,
      "dartInputCount": 1,
      "diagnosticOnly": true,
      "kisInputCount": 2,
      "marketSignal": false,
      "missingExternalData": [],
      "missingInputs": [],
      "providerIssues": [],
      "quoteInputCount": 9,
      "requiredExternalData": [
        "BENCHMARK_20D_RETURN",
        "KIS_INVESTOR_FLOW",
        "DART_FINANCIALS",
      ],
    },
  },
}
`;
