// Vitest Snapshot v1, https://vitest.dev/guide/snapshot.html

exports[`Gate3 regression fixture snapshot / diagnostic invariance > baseline fixture snapshot 1`] = `
{
  "consolidatedDiagnostic": {
    "executionImpact": "LIVE_BUY_BLOCKED_ONLY",
    "health": "DATA_INCOMPLETE",
    "marketSignal": false,
    "operatorAction": "REVIEW_GATE3_INPUTS",
    "primaryIssue": "RRR_MISSING",
    "timingAlignment": {
      "entryPrice": "MISSING",
      "falseBreakoutRisk": "HIGH",
      "intraday": "DIAGNOSTIC_ONLY",
      "lastTrigger": "DATA_UNAVAILABLE",
      "momentum": "CONFIRMED",
      "priceBreakout": "CONFIRMED",
      "pullback": "DIAGNOSTIC_ONLY",
      "rrr": "MISSING",
      "volume": "CONFIRMED",
    },
  },
  "externalDataCoverage": {
    "executionImpactMatrix": {
      "executionReadiness": "LIVE_BUY_BLOCKED_ONLY",
      "falseBreakout": "DIAGNOSTIC_ONLY",
      "intradayTiming": "DIAGNOSTIC_ONLY",
      "lastTrigger": "LIVE_BUY_BLOCKED_ONLY",
      "momentumIndicators": "DIAGNOSTIC_ONLY",
      "priceStructure": "DIAGNOSTIC_ONLY",
      "pullbackSupport": "DIAGNOSTIC_ONLY",
      "technicalIndicators": null,
      "volumeStructure": null,
      "volumeTiming": "DIAGNOSTIC_ONLY",
    },
    "marketSignalMatrix": {
      "executionReadiness": false,
      "falseBreakout": false,
      "intradayTiming": false,
      "lastTrigger": false,
      "momentumIndicators": false,
      "priceStructure": false,
      "pullbackSupport": false,
      "technicalIndicators": false,
      "volumeStructure": false,
      "volumeTiming": false,
    },
    "sections": [
      "entryPriceGuard",
      "executionReadiness",
      "falseBreakout",
      "intradayTiming",
      "lastTrigger",
      "momentumIndicators",
      "priceStructure",
      "pullbackSupport",
      "rrrCheck",
      "technicalIndicators",
      "volumeStructure",
      "volumeTiming",
    ],
    "statusMatrix": {
      "executionReadiness": "DATA_INCOMPLETE",
      "falseBreakout": "WARN",
      "intradayTiming": "PARTIAL",
      "lastTrigger": "DATA_UNAVAILABLE",
      "momentumIndicators": "PARTIAL",
      "priceStructure": "VERIFIED",
      "pullbackSupport": "PARTIAL",
      "technicalIndicators": "CALCULATION_MISSING",
      "volumeStructure": "VERIFIED",
      "volumeTiming": "VERIFIED",
    },
  },
  "sourceCoverage": {
    "allDeclaredInputsAvailable": false,
    "allRequiredDataAvailable": true,
    "calculationIssues": [
      "vcp",
    ],
    "diagnosticOnly": true,
    "marketSignal": false,
    "missingInputs": [
      "quote.vol5dAvg",
      "quote.vol20dAvg",
      "quote.ma5",
      "quote.rrr",
      "quote.entryPriceAgeSec",
      "quote.falseBreakoutRisk",
    ],
  },
}
`;
